[    0.00000] Linux version 15.0-45-generic (buildd@lgw01-amd64-031) (gcc version 7.3.0 (Ubuntu 7.3.0-16ubuntu3)) #48-Ubuntu SMP Tue Jan 29 16:28:13 UTC 2019 (Ubuntu 4.15.0-45.48-generic 4.1.18)
[   0.000000] Command line: BOOT_IMAGE=/boot/vmlinuz-4.15.0-45-generic root=LABEL=cloudimg-rootfs ro console=tty1 console=ttyS0
[    0.000000] KRNL supported cpus:
[    0.000000]   Intel GenuineIntel
[    0.000000]   AMD AuthenticAMD
[    0.000000]   Centaur CentaurHauls
[    0.000000] x86/fpu: Supporting XSAVEfeature 0x001: 'x87 floating point registers'
[    0.000000] x86/fpu: Supporting XSAVE feature 0x002: 'SSE registers'
[    0.000000] x86/fpu: Supporting XSAVE feature 0x004: 'AVX registers
[    0.000000] x86/fpu: xstat_offset[2]:  576, xstate_sizes[2]: 256
[   .000000] x86/fpu: Enabled xstate featues 07, context size is 832 bytes, using 'standard' format.
[    0.000000] e820: BIOS-provided physical RAM map:
[    0.000000] BIOS-e820: [mem 0x0000000000000000-0x000000000009fbff] usable
[    0.000000] BIOS-e820: [mem 0x000000000009fc00-0x000000000009ffff] reserved
[    0.000000] BIOS-e820: [mem 0x00000000000f0000-0x00000000000fffff] reserved
[    0.000000] BIOS-e820: [mem 0x0000000000100000-0x000000003ffeffff] usable
[    0.000000] BIOS-e820: [mem 0x000000003fff0000-0x000000003fffffff] ACPI data
[    0.000000] BIOS-e820: [mem 0x00000000fec00000-0x00000000fec00fff] reserved
[    0.000000] BIOS-e820: [mem 0x0000000fee00000-0x00000000fee00fff] reserved
[    0.000000] BIOS-e820: [mem 0x00000000fffc0000-0x00000000ffffffff] reserved
[    0.00000] NX (Execute isble) protection: active
[    0.000000] SMBIOS 2.5 present.
[    0.000000] DMI: innotek GmbH VirtualBox/VirtualBox, BIOS VirtualBox 12/01/2006
[    0.000000] Hypervisor detected: KVM
[    0.000000] e820: last_pfn = 0x3fff0 max_arch_pfn = 0x400000000
[    0.000000] MTRR: Disabled
[    0.000000] x86/PAT: MTRRs disabled, skipping PAT initialization too.
[    0.000000] CPU MTRRs all blank - virtualized system.
[    0.000000] x86/PAT: Configuration [0-7]: WB  WT  UC- UC WB  WT  UC- UC  
[    0.000000] found SMP MP-table at [mem 0x0009fff0-0000ffff] mapped at [        (ptrval)]
[    0.000000] Scanning 1 areas for low memory corruption
[    0.000000] RAMDISK: [mem 0x35adf000-0x36d66fff]
[    0.000000] ACPI: Early table checksum verification disabled
[    0.000000] ACPI: RSDP 0x00000000000E0000 000024 (v02 VBOX  )
[    0.000000] ACPI: XSDT 0x000000003FFF0030 00003C (v01 VBOX   VBOXXSDT 00000001 ASL  00000061)
[    0.000000] ACPI: FACP 0x000000003FFF00F0 0000F4 (v04 VBOX   VBOXFACP 00000001 ASL  00000061)
[    0.000000] ACPI: DSDT 0x000000003FFF0470 0021FF (v02 VBOX   VBOXBIOS 00000002 INTL 20180629)
[    0.000000] ACPI: FACS 0x000000003FFF0200 000040
[    0.000000] ACPI: FACS 0x000000003FFF0200 000040
[    0.000000] ACPI: APIC 0x000000003FFF0240 00005C (v02 VBOX   VBOXAPIC 00000001 ASL  0000006)
[    0000000 API: SSDT 0x000000003FFF02A0 0001CC (v01 VBOX   VBOXCPUT 00000002 INTL 20180629)
[    0.000000] No NUMA configuration found
[    0.000000] Faking a node at [mem 0x0000000000000000-0x000000003ffeffff]
[    0.000000] NODE_DATA(0) allocated [mem 0x3ffc5000-0x3ffeffff]
[    0.000000] kvm-clock: cpu 0, msr 0:3ff44001, primary cpu clock
[    0.000000] kvm-clock: Ung msrs 4b564d01 and 4b564d00
[    0.000000] kvm-clock: using sched offset of 3305088084 cycles
[    0.000000] clocksource: kvm-clock: mask: 0xffffffffffffffff max_cycles: 0x1cd42e4dffb, max_idle_ns: 881590591483 ns
[    0.000000] Zone ranges:
[    0.000000]   DMA      [mem 0x0000000000001000-0x0000000000ffffff]
[    0.000000]   DMA32    [mem 0x0000000001000000-0x000000003ffeffff]
[    0.000000]   Normal   empty
[    0.000000]   Device   empty
[    0.000000] Movable zone start for each node
[    0.000000] Early memory node ranges
[    0.000000]   node   0: [mem 0x0000000000001000-0x000000000009efff]
[    0.000000]   node   : [mem 0x0000000000100000-0x000000003ffeffff]
[    0.000000] Reserved but unavailable: 114 pages
[    0.000000] Initmem etup node 0mem 0x0000000000001000-0x000000003ffeffff]
[    0.000000] ACPI: PM-Timer IO Port: 0x4008
[    0.000000] IOAPIC[0]: apic_id 2, version 32, address 0xfec00000, GSI 0-23
[    0.000000] ACPI: INT_SRC_OVR (bus 0 bus_irq 0 global_irq 2 dfl dfl)
[    0.000000] ACPI: INT_SRC_OVR (bus 0 bus_irq 9 global_irq 9 low level)
[    0.000000] Usng ACPI (MADT) for SMP configuration information
[    0.000000] smpboot: Allowing 2 CPUs, 0 hotplug CPUs
[    0000000] PM: Registered nosave memory: [mem 0x00000000-0x00000fff]
[    0.000000] PM: Registered nosave memory: [mem 0x0009f000-0x0009ffff]
[    0.000000] PM: Registered nosave memory: [mem 0x000a0000-0x000effff]
[    0.000000] PM: Registered nosave memory: [mem 0x000f0000-0x000fffff]
[    0.000000] e820: [mem 0x40000000-0xfebfffff] available for PCI devices
[    0.000000] Booting paravirtualized kernel on KVM
[    0.000000] clocksource: refined-jiffies: mask: 0xffffffff max_cycles: 0xffffffff, max_idle_ns: 7645519600211568 ns
[    0.000000] random: get_random_bytes called from start_kernel+0x99/0x4fd with crng_init=0
[    0.000000] setup_percpu: NR_CPUS:8192 nr_cpumask_bits:2 nr_cpu_ids:2 nr_node_ids:1
[    0.000000] percpu: Embedded 46 pages/cpu @        (ptrval) s151552 r8192 d28672 u1048576
[    0.000000] PV qspinlock hash table entries: 256 (order: 0, 4096 bytes)
[    0.000000] Built 1 zonelists, mobility grouping on.  Total pages: 257913
[    0.000000] Policy zne: MA32
[   0.00000] Kernel command line: BOOT_IMAGE=/boot/vmlinuz-4.15.0-45-generic root=LABEL=cloudimg-rootfs ro console=tty1 console=ttyS0
[    0.000000] Memory: 983608K/1048120K available (12300K kernel code, 2473K rwdata, 4252K rodata, 2408K init, 2416K bss, 64512K reserved, 0K cma-reserved)
[    0.000000] SLB:HWalign=64, Order=0-3, MinObjects=0, CPUs=2, Nodes=1
[    0.000000] Kernel/User page tables isolation: enabled
[    0.000000] ftrace: allocating 39194 entries in 154 paes
[    0.00400 Hierarcical RCU implementation.
[    0.004000] 	RCU restricting CPUs from NR_CPUS=8192 to nr_cpu_ids=2.
[    0.004000] 	Tasks RCU enabled.
[    0.004000] RCU: Adjusting geometry for rcu_fanout_leaf=16, nr_cpu_ids=2
[    0.004000] NR_IRQS:524544, nr_irqs: 440, preallocated irqs: 16
[    0.004000] Console: colour VGA+ 80x25
[    0.004000] console [tty1] enabled
[    0.004000] console [ttyS0] enabled
[    0.004000] ACPI: Core revision 2010831
[    0.004000] ACPI: 2 ACPI AML tables successfuly acquired and loaded
[    0.004000] APIC: Switch to symmetric I/O mode setup
[    0.004000] x2apic enabled
[    0.004000] Switched APIC routing to physical x2apic.
[    0.004000] ..TIMER: vector=0x30 apic1=0 pin1=2 apic2=-1 pin2=-1
[    0.004000] tsc: Detected 3192.606 MHz processor
[  0.004023] Calibrating delay loop (skipped) preset value.. 6385.21 BogoMIPS (lpj=12770424)
[    0.008010] pid_max: default: 32768 minimum: 301
[    0.008646] Security Framework initialized
[    0.009184] Yama: becoming mindful.
[    0.012036] AppArmor: AppArmor initialized
[    0.016594] Dentry cache hash table entries: 131072 (order: 8, 1048576 bytes)
[    0.020099] Inode-cache hash table entries: 65536 (order: 7, 524288 bytes)
[    0.020958] Mount-cache hash table entries: 2048 (order: 2, 16384 bytes)
[    0.024023] Mountpoint-cache hash table entries: 2048 (order: 2, 16384 bytes)
[    0.028266] mce: CPU supports 0 MCE banks
[    0.028844] Last level iTLB entries: 4KB 1024, 2MB 1024, 4MB 1024
[    0.029610] Last level dTLB entries: 4KB 1024, 2MB 1024, 4MB 1024, 1GB 4
[    0.032009] Spectre V2 : Mitigation: Full generic retpoline
[    0.036004] Spectre V2 : Spectre v2 / SpectreRSB mitigation: Filling RSB on context switch
[    0.037032] Speculative Store Bypass: Vulnerable
[    0.037734] Freeing SMP alternatives memory: 36K
[    0.040000] APIC calibration not consistent with PM-Timer: 97ms instead of 100ms
[    0.040000] APIC delta adjusted to PM-Timer: 6250136 (6095836)
[    0.040059] smpboot: CPU0: Intel(R) Core(TM) i5-4460  CPU @ 3.20GHz (family: 0x6, model: 0x3c, stepping: 0x3)
[    0.044106] Performance Events: unsupported p6 CPU model 60 no PMU driver, software events only.
[    0.048087] Hierarchical SRCU implementation.
[    0.049282] NMI watchdog: Perf event create on CPU 0 failed with -2
[    0.052003] NMI watchdog: Perf NMI watchdog permanently disabled
[    0.056065] smp: Bringing up secondary CPUs ...
[    0.056751] x86: Booting SMP configuration:
[    0.060017] .... node  #0, CPUs:      #1
[    0.004000] kvm-clock: cpu 1, msr 0:3ff44041, secondary cpu clock
[    0.004000] mce: CPU supports 0 MCE banks
[    0.079773] smp: Brought up 1 node, 2 CPUs
[    0.080012] smpboot: Max logical packages: 1
[    0.084005] smpboot: Total of 2 processors activated (12770.42 BogoMIPS)
[    0.088192] devtmpfs: initialized
[    0.088548] x86/mm: Memory block size: 128MB
[    0.089273] evm: security.selinux
[    0.089737] evm: security.SMACK64
[    0.092013] evm: security.SMACK64EXEC
[    0.092519] evm: security.SMACK64TRANSMUTE
[    0.096016] evm: security.SMACK64MMAP
[    0.100007] evm: security.apparmor
[    0.100512] evm: security.ima
[    0.100986] evm: security.capability
[    0.101593] clocksource: jiffies: mask: 0xffffffff max_cycles: 0xffffffff, max_idle_ns: 7645041785100000 ns
[    0.104015] futex hash table entries: 512 (order: 3, 32768 bytes)
[    0.104827] pinctrl core: initialized pinctrl subsystem
[    0.106107] RTC time: 15:29:16, date: 02/19/19
[    0.108146] NET: Registered protocol family 16
[    0.108812] audit: initializing netlink subsys (disabled)
[    0.112087] audit: type=2000 audit(1550590157.853:1): state=initialized audit_enabled=0 res=1
[    0.124020] cpuidle: using governor ladder
[    0.125777] cpuidle: using governor menu
[    0.127339] ACPI: bus type PCI registered
[    0.128005] acpiphp: ACPI Hot Plug PCI Controller Driver version: 0.5
[    0.128928] PCI: Using configuration type 1 for base access
[    0.132891] HugeTLB registered 2.00 MiB page size, pre-allocated 0 pages
[    0.136114] ACPI: Added _OSI(Module Device)
[    0.140008] ACPI: Added _OSI(Processor Device)
[    0.140597] ACPI: Added _OSI(3.0 _SCP Extensions)
[    0.144014] ACPI: Added _OSI(Processor Aggregator Device)
[    0.148046] ACPI: Added _OSI(Linux-Dell-Video)
[    0.152010] ACPI: Added _OSI(Linux-Lenovo-NV-HDMI-Audio)
[    0.156013] ACPI: Added _OSI(Linux-HPI-Hybrid-Graphics)
[    0.160287] ACPI: Executed 1 blocks of module-level executable AML code
[    0.170012] ACPI: Interpreter enabled
[    0.172028] ACPI: (supports S0 S5)
[    0.176017] ACPI: Using IOAPIC for interrupt routing
[    0.180329] PCI: Using host bridge windows from ACPI; if necessary, use "pci=nocrs" and report a bug
[    0.184154] ACPI: Enabled 2 GPEs in block 00 to 07
[    0.194141] ACPI: PCI Root Bridge [PCI0] (domain 0000 [bus 00-ff])
[    0.196023] acpi PNP0A03:00: _OSC: OS supports [ASPM ClockPM Segments MSI]
[    0.200070] acpi PNP0A03:00: _OSC: not requesting OS control; OS requires [ExtendedConfig ASPM ClockPM MSI]
[    0.204031] acpi PNP0A03:00: fail to add MMCONFIG information, can't access extended PCI configuration space under this bridge.
[    0.208412] PCI host bridge to bus 0000:00
[    0.212011] pci_bus 0000:00: root bus resource [io  0x0000-0x0cf7 window]
[    0.216026] pci_bus 0000:00: root bus resource [io  0x0d00-0xffff window]
[    0.220013] pci_bus 0000:00: root bus resource [mem 0x000a0000-0x000bffff window]
[    0.224010] pci_bus 0000:00: root bus resource [mem 0x40000000-0xfdffffff window]
[    0.225121] pci_bus 0000:00: root bus resource [bus 00-ff]
[    0.229694] pci 0000:00:01.1: legacy IDE quirk: reg 0x10: [io  0x01f0-0x01f7]
[    0.232012] pci 0000:00:01.1: legacy IDE quirk: reg 0x14: [io  0x03f6]
[    0.232823] pci 0000:00:01.1: legacy IDE quirk: reg 0x18: [io  0x0170-0x0177]
[    0.233678] pci 0000:00:01.1: legacy IDE quirk: reg 0x1c: [io  0x0376]
[    0.261544] pci 0000:00:07.0: quirk: [io  0x4000-0x403f] claimed by PIIX4 ACPI
[    0.264026] pci 0000:00:07.0: quirk: [io  0x4100-0x410f] claimed by PIIX4 SMB
[    0.273372] ACPI: PCI Interrupt Link [LNKA] (IRQs 5 9 10 *11)
[    0.276351] ACPI: PCI Interrupt Link [LNKB] (IRQs 5 9 *10 11)
[    0.284149] ACPI: PCI Interrupt Link [LNKC] (IRQs 5 *9 10 11)
[    0.288173] ACPI: PCI Interrupt Link [LNKD] (IRQs 5 9 10 *11)
[    0.292506] SCSI subsystem initialized
[    0.293128] pci 0000:00:02.0: vgaarb: setting as boot VGA device
[    0.296000] pci 0000:00:02.0: vgaarb: VGA device added: decodes=io+mem,owns=io+mem,locks=none
[    0.300011] pci 0000:00:02.0: vgaarb: bridge control possible
[    0.300800] vgaarb: loaded
[    0.303223] ACPI: bus type USB registered
[    0.304000] usbcore: registered new interface driver usbfs
[    0.304104] usbcore: registered new interface driver hub
[    0.304871] usbcore: registered new device driver usb
[    0.308101] EDAC MC: Ver: 3.0.0
[    0.312242] PCI: Using ACPI for IRQ routing
[    0.316298] NetLabel: Initializing
[    0.320037] NetLabel:  domain hash size = 128
[    0.324006] NetLabel:  protocols = UNLABELED CIPSOv4 CALIPSO
[    0.328046] NetLabel:  unlabeled traffic allowed by default
[    0.328843] clocksource: Switched to clocksource kvm-clock
[    0.351876] VFS: Disk quotas dquot_6.6.0
   00065 VS:Dquot-cache hash table entries: 512 (order 0, 4096 bytes)
[    0.612066] AppArmor: AppArmor Filesystem Enabled
[    0.613023] p: PnP ACPI init   06845pn: PnP ACPI: found 3 devices

[   0.890014] clocksource: acpi_pm: mask: 0xffffff max_cycles: 0xffffff, max_idle_ns: 2085701024 ns
[    0.915665] NET: Registered protocol family 2

[    0.917175] TCP establihe hash table entris:8192 (order: 4, 65536 bytes)
[  1.09067TCbi hh tale entries: 8192 (order: 5, 131072 bytes)
[    15776] P: Hshtale configured (established 8192 bind 8192)
[   .6072] UDP hash table entries: 512 (order: 2, 16384 bytes)
[   .7104]UDLie as tleenie 52 (order: 2, 1684byes)   21956 N: egteedproco family 1[   204216] pci 0000:00:00.0: Limiting direct PCI/PCI transfers
[  29602pc 000:00:01.0: ctvain I DA ang wrkous    .21804 p 00:0:.0: Video device with shadowed ROM at [mem 0x000c0000-0x000dffff]
[    .494257] Unpacking initramfs...

[    3.788043] Freeing initrd memory: 18976K
[    3.800529] platform rtc_cmos: registered platform RTC device (no PNP device found)
[    3.811243] Scanning for low memory corruption every 60 seconds
[    3.846414] Initialise system trusted keyrings
[    3.854258] Key type blacklist registered
[    3.861406] workingset: timestamp_bits=36 max_order=18 bucket_order=0
[    3.881730] zbud: loaded
[    3.884758] squashfs: version 4.0 (2009/01/31) Phillip Lougher
[    3.893148] fuse init (API version 7.26)
[    3.900244] Key type asymmetric registered
[    3.900850] Asymmetric key parser 'x509' registered
[    3.906892] Block layer SCSI generic (bsg) driver version 0.4 loaded (major 246)
[    3.907986] io scheduler noop registered
[    3.910767] io scheduler deadline registered
[    3.932450] io scheduler cfq registered (default)
[    3.933773] ACPI: AC Adapter [AC] (on-line)
[    3.941295] input: Power Button as /devices/LNXSYSTM:00/LNXPWRBN:00/input/input0
[    3.955597] ACPI: Power Button [PWRF]
[    3.968974] input: Sleep Button as /devices/LNXSYSTM:00/LNXSLPBN:00/input/input1
[    3.970021] ACPI: Sleep Button [SLPF]
[    3.984798] Serial: 8250/16550 driver, 32 ports, IRQ sharing enabled
[    4.008357] 00:02: ttyS0 at I/O 0x3f8 (irq = 4, base_baud = 115200) is a 16550A
[    4.039931] Linux agpgart interface v0.103
[    4.041905] loop: module loaded
[    4.051033] scsi host0: ata_piix
[    4.053286] scsi host1: ata_piix
[    4.053917] ata1: PATA max UDMA/33 cmd 0x1f0 ctl 0x3f6 bmdma 0xd000 irq 14
[    4.084642] ata2: PATA max UDMA/33 cmd 0x170 ctl 0x376 bmdma 0xd008 irq 15
[    4.085677] libphy: Fixed MDIO Bus: probed
[    4.087682] tun: Universal TUN/TAP device driver, 1.6
[    4.124544] PPP generic driver version 2.4.2
[    4.128425] ehci_hcd: USB 2.0 'Enhanced' Host Controller (EHCI) Driver
[    4.154471] ehci-pci: EHCI PCI platform driver
[    4.155219] ehci-platform: EHCI generic platform driver
[    4.155965] ohci_hcd: USB 1.1 'Open' Host Controller (OHCI) Driver
[    4.156956] ohci-pci: OHCI PCI platform driver
[    4.184854] ohci-platform: OHCI generic platform driver
[    4.185660] uhci_hcd: USB Universal Host Controller Interface driver
[    4.186755] i8042: PNP: PS/2 Controller [PNP0303:PS2K,PNP0f03:PS2M] at 0x60,0x64 irq 1,12
[    4.245054] serio: i8042 KBD port at 0x60,0x64 irq 1
[    4.245733] serio: i8042 AUX port at 0x60,0x64 irq 12
[    4.246467] mousedev: PS/2 mouse device common for all mice
[    4.247745] input: AT Translated Set 2 keyboard as /devices/platform/i8042/serio0/input/input2
[    4.249989] rtc_cmos rtc_cmos: rtc core: registered rtc_cmos as rtc0
[    4.312095] rtc_cmos rtc_cmos: alarms up to one day, 114 bytes nvram
[    4.312898] i2c /dev entries driver
[    4.313366] pcie_mp2_amd: AMD(R) PCI-E MP2 Communication Driver Version: 1.0
[    4.314286] device-mapper: uevent: version 1.0.3
[    4.315043] device-mapper: ioctl: 4.37.0-ioctl (2017-09-20) initialised: dm-devel@redhat.com
[    4.441079] ledtrig-cpu: registered to indicate activity on CPUs
[    4.442549] NET: Registered protocol family 10
[    4.446555] Segment Routing with IPv6
[    4.471247] NET: Registered protocol family 17
[    4.473797] Key type dns_resolver registered
[    4.489286] RAS: Correctable Errors collector initialized.
[    4.511856] sched_clock: Marking stable (4511764605, 0)->(7616932501, -3105167896)
[    4.513640] registered taskstats version 1
[    4.514211] Loading compiled-in X.509 certificates
[    4.531179] Loaded X.509 cert 'Build time autogenerated kernel key: e3b8f44ffaaceef3e3a84cfaebd8e5a9acebeaad'
[    4.532648] zswap: loaded using pool lzo/zbud
[    4.576539] Key type big_key registered
[    4.617941] Key type trusted registered
[    4.623477] Key type encrypted registered
[    4.624103] AppArmor: AppArmor sha1 policy hashing enabled
[    4.631984] ima: No TPM chip found, activating TPM-bypass! (rc=-19)
[    4.633680] ima: Allocated hash algorithm: sha1
[    4.650571] evm: HMAC attrs: 0x1
[    4.657205]   Magic number: 7:918:487
[    4.738656] rtc_cmos rtc_cmos: setting system clock to 2019-02-19 15:29:21 UTC (1550590161)
[    4.830328] tsc: Refined TSC clocksource calibration: 3195.802 MHz
[    4.830335] clocksource: tsc: mask: 0xffffffffffffffff max_cycles: 0x2e10cc51e3a, max_idle_ns: 440795265021 ns
[    4.842097] BIOS EDD facility v0.16 2004-Jun-25, 0 devices found
[    4.855155] EDD information not available.
[    4.858394] Freeing unused kernel memory: 2408K
[    4.916080] Write protecting the kernel read-only data: 20480k
[    4.942924] Freeing unused kernel memory: 2008K
[    4.946672] Freeing unused kernel memory: 1892K
[    5.007046] x86/mm: Checked W+X mappings: passed, no W+X pages found.
[    5.061070] x86/mm: Checking user space page tables
[    5.205717] x86/mm: Checked W+X mappings: passed, no W+X pages found.
Loading, please wait...
starting version 237
[    5.279313] Fusion MPT base driver 3.04.20
[    5.294448] e1000: Intel(R) PRO/1000 Network Driver - version 7.3.21-k8-NAPI
[    5.294449] e1000: Copyright (c) 1999-2006 Intel Corporation.
[    5.396519] Copyright (c) 1999-2008 LSI Corporation
[    5.422781] AVX2 version of gcm_enc/dec engaged.
[    5.438934] AES CTR mode by8 optimization enabled
[    5.502171] Fusion MPT SPI Host driver 3.04.20
[    5.713100] input: ImExPS/2 Generic Explorer Mouse as /devices/platform/i8042/serio1/input/input4
[    5.860192] e1000 0000:00:03.0 eth0: (PCI:33MHz:32-bit) 02:88:80:28:66:3a
[    5.878070] e1000 0000:00:03.0 eth0: Intel(R) PRO/1000 Network Connection
[    5.887516] mptbase: ioc0: Initiating bringup
[    5.887793] e1000 0000:00:03.0 enp0s3: renamed from eth0
[    6.044363] ioc0: LSI53C1030 A0: Capabilities={Initiator}
[    6.406936] scsi host2: ioc0: LSI53C1030 A0, FwRev=00000000h, Ports=1, MaxQ=256, IRQ=20
[    6.709005] scsi 2:0:0:0: Direct-Access     VBOX     HARDDISK         1.0  PQ: 0 ANSI: 5
[    6.760094] scsi target2:0:0: Beginning Domain Validation
[    6.863895] scsi target2:0:0: Domain Validation skipping write tests
[    6.864996] scsi target2:0:0: Ending Domain Validation
[    6.888004] scsi target2:0:0: asynchronous
[    6.889279] scsi 2:0:1:0: Direct-Access     VBOX     HARDDISK         1.0  PQ: 0 ANSI: 5
[    6.992129] scsi target2:0:1: Beginning Domain Validation
[    7.014905] random: fast init done
[    7.220225] scsi target2:0:1: Domain Validation skipping write tests
[    7.260963] scsi target2:0:1: Ending Domain Validation
[    7.301023] scsi target2:0:1: asynchronous
[    7.305209] random: systemd-udevd: uninitialized urandom read (16 bytes read)
[    7.307887] random: systemd-udevd: uninitialized urandom read (16 bytes read)
[    7.307920] sd 2:0:0:0: Attached scsi generic sg0 type 0
[    7.310007] random: systemd-udevd: uninitialized urandom read (16 bytes read)
[    7.311455] sd 2:0:0:0: [sda] 20971520 512-byte logical blocks: (10.7 GB/10.0 GiB)
[    7.311619] sd 2:0:1:0: Attached scsi generic sg1 type 0
[    7.351565] sd 2:0:1:0: [sdb] 20480 512-byte logical blocks: (10.5 MB/10.0 MiB)
[    7.351639] sd 2:0:1:0: [sdb] Write Protect is off
[    7.351712] sd 2:0:1:0: [sdb] Incomplete mode parameter data
[    7.351713] sd 2:0:1:0: [sdb] Assuming drive cache: write through
[    7.353447] sd 2:0:1:0: [sdb] Attached SCSI disk
[    7.553538] sd 2:0:0:0: [sda] Write Protect is off
[    7.580741] sd 2:0:0:0: [sda] Incomplete mode parameter data
[    7.836811] sd 2:0:0:0: [sda] Assuming drive cache: write through
[    7.838922]  sda: sda1
[    7.846033] sd 2:0:0:0: [sda] Attached SCSI disk
Begin: Loading essential drivers ... [    9.712104] raid6: sse2x1   gen() 10345 MB/s
[    9.780071] raid6: sse2x1   xor()  7402 MB/s
[    9.836063] raid6: sse2x2   gen() 12177 MB/s
[    9.896157] raid6: sse2x2   xor()  7983 MB/s
[    9.952066] raid6: sse2x4   gen() 14513 MB/s
[   10.008960] raid6: sse2x4   xor()  8731 MB/s
[   10.064172] raid6: avx2x1   gen() 20133 MB/s
[   10.140047] raid6: avx2x1   xor() 13918 MB/s
[   10.192137] raid6: avx2x2   gen() 22501 MB/s
[   10.248075] raid6: avx2x2   xor() 14587 MB/s
[   10.304088] raid6: avx2x4   gen() 26532 MB/s
[   10.356082] raid6: avx2x4   xor() 14895 MB/s
[   10.372505] raid6: using algorithm avx2x4 gen() 26532 MB/s
[   10.384497] raid6: .... xor() 14895 MB/s, rmw enabled
[   10.385171] raid6: using avx2x2 recovery algorithm
[   10.386783] xor: automatically using best checksumming function   avx       
[   10.409797] async_tx: api initialized (async)
done.
Begin: Running /scripts/init-premount ... done[   10.454713] Btrfs loaded, crc32c=crc32c-intel
.
Begin: Mounting root file system ... Begin: Running /scripts/local-top ... done.
Begin: Running /scripts/local-premount ... Scanning for Btrfs filesystems
done.
Warning: fsck no[   10.499668] EXT4-fs (sda1): mounted filesystem with ordered data mode. Opts: (null)
t present, so skipping root file system
done.
Begin: Running /scripts/local-bottom ... done.
Begin: Running /scripts/init-bottom ... done.
[   10.759244] ip_tables: (C) 2000-2006 Netfilter Core Team
[   10.772506] systemd[1]: systemd 237 running in system mode. (+PAM +AUDIT +SELINUX +IMA +APPARMOR +SMACK +SYSVINIT +UTMP +LIBCRYPTSETUP +GCRYPT +GNUTLS +ACL +XZ +LZ4 +SECCOMP +BLKID +ELFUTILS +KMOD -IDN2 +IDN -PCRE2 default-hierarchy=hybrid)
[   11.661305] systemd[1]: Detected virtualization oracle.
[   11.662732] systemd[1]: Detected architecture x86-64.

Welcome to [1mUbuntu 18.04.2 LTS[0m!

[   11.676917] systemd[1]: Set hostname to <ubuntu>.
[   11.719403] systemd[1]: Initializing machine ID from random generator.
[   11.997960] systemd[1]: Installed transient /etc/machine-id file.
[   12.283466] systemd[1]: Started Forward Password Requests to Wall Directory Watch.
[[0;32m  OK  [0m] Started Forward Password Requests to Wall Directory Watch.
[   12.698844] systemd[1]: Created slice User and Session Slice.
[[0;32m  OK  [0m] Created slice User and Session Slice.
[   12.752365] systemd[1]: Reached target Swap.
[[0;32m  OK  [0m] Reached target Swap.
[   12.853686] systemd[1]: Reached target User and Group Name Lookups.
[[0;32m  OK  [0m] Reached target User and Group Name Lookups.
[[0;32m  OK  [0m] Set up automount Arbitrary Executabâ€¦rmats File System Automount Point.
[[0;32m  OK  [0m] Reached target System Time Synchronized.
[[0;32m  OK  [0m] Created slice System Slice.
[[0;32m  OK  [0m] Listening on /dev/initctl Compatibility Named Pipe.
[[0;32m  OK  [0m] Listening on Network Service Netlink Socket.
[[0;32m  OK  [0m] Created slice system-serial\x2dgetty.slice.
[[0;32m  OK  [0m] Listening on LVM2 poll daemon socket.
[[0;32m  OK  [0m] Listening on Journal Socket (/dev/log).
[[0;32m  OK  [0m] Listening on Device-mapper event daemon FIFOs.
[[0;32m  OK  [0m] Reached target Slices.
[[0;32m  OK  [0m] Listening on Syslog Socket.
[[0;32m  OK  [0m] Listening on udev Kernel Socket.
[[0;32m  OK  [0m] Listening on udev Control Socket.
[[0;32m  OK  [0m] Listening on LVM2 metadata daemon socket.
[[0;32m  OK  [0m] Listening on Journal Socket.
         Mounting POSIX Message Queue File System...
         Starting Remount Root a[   13.364810] EXT4-fs (sda1): re-mounted. Opts: (null)
nd Kernel File Systems...
         Starting Set the console keyboard layout...
         Mounting Kernel Debug File System...
         Starting udev Coldplug all Devices...
         Starting Create list of required stâ€¦ce nodes for the current kernel...
         Starting Load Kernel Modules...
         Mounting Huge Pages File System...
         Starting Uncomplicated firewall...
[   13.475743] Loading iSCSI transport class v2.0-870.
         Starting Monitoring of [   13.589863] iscsi: registered transport (tcp)
LVM2 mirrorsâ€¦ng dmeventd or progress polling...
[[0;32m  OK  [0m] Listening on Journal Audit So[   13.610183] iscsi: registered transport (iser)
cket.
         Starting Journal Service...
[[0;32m  OK  [0m] Mounted POSIX Message Queue File System.
[[0;32m  OK  [0m] Started Remount Root and Kernel File Systems.
[[0;32m  OK  [0m] Started Journal Service.
[[0;32m  OK  [0m] Mounted Kernel Debug File System.
[[0;32m  OK  [0m] Started Create list of required staâ€¦vice nodes for the current kernel.
[[0;32m  OK  [0m] Started Set the console keyboard layout.
[[0;32m  OK  [0m] Started Load Kernel Modules.
[[0;32m  OK  [0m] Mounted Huge Pages File System.
[[0;32m  OK  [0m] Started Uncomplicated firewall.
[[0;32m  OK  [0m] Started udev Coldplug all Devices.
[[0;32m  OK  [0m] Started LVM2 metadata daemon.
         Starting Apply Kernel Variables...
         Mounting FUSE Control File System...
         Mounting Kernel Configuration File System...
         Starting Create Static Device Nodes in /dev...
         Starting Load/Save Random Seed...
         Starting Initial cloud-init job (pre-networking)...
         Starting Flush Journal to Persistent Storage...
[[0;32m  OK  [0m] Started Monitoring of LVM2 mirrors,â€¦sing dmeventd or progress polling.
[[0;32m  OK  [0m] Started Apply Kernel Variables.
[[0;32m  OK  [0m] Mounted FUSE Control File System.
[[0;32m  OK  [0m] Mounted Kernel Configuration File System.
[[0;32m  OK  [0m] Started Create Static Device Nodes in /dev.
[[0;32m  OK  [0m] Started Load/Save Random Seed.
         Starting udev Kernel Device Manager...
[[0;32m  OK  [0m] Reached target Local File Systems (Pre).
[[0;32m  OK  [0m] Reached target Local File Systems.
         Starting Tell Plymouth To Write Out Runtime Data...
         Starting Set console font and keymap...
         Starting ebtables ruleset management...
         Starting Commit a transient machine-id on disk...
         Starting AppArmor initialization...
[[0;32m  OK  [0m] Started udev Kernel Device Manager.
[[0;32m  OK  [0m] Started Tell Plymouth To Write Out Runtime Data.
[[0;32m  OK  [0m] Started Dispatch Password Requests to Console Directory Watch.
[[0;32m  OK  [0m] Reached target Local Encrypted Volumes.
[[0;32m  OK  [0m] Started Set console font and keymap.
[[0;32m  OK  [0m] Started Flush Journal to Persistent Storage.
[[0;32m  OK  [0m] Started Commit a transient machine-id on disk.
         Starting Create Volatile Files and Directories...
[[0;32m  OK  [0m] Found device /dev/ttyS0.
[[0;32m  OK  [0m] Started Create Volatile Files and Directories.
         Starting Update UTMP about System Boot/Shutdown...
[[0;32m  OK  [0m] Started ebtables ruleset management.
[[0;32m  OK  [0m] Started Update UTMP about System Boot/Shutdown.
[[0;32m  OK  [0m] Listening on Load/Save RF Kill Switch Status /dev/rfkill Watch.
[[0;32m  OK  [0m] Started AppArmor initialization.
[   15.925436] cloud-init[416]: Cloud-init v. 18.4-0ubuntu1~18.04.1 running 'init-local' at Tue, 19 Feb 2019 15:29:32 +0000. Up 15.56 seconds.
[[0;32m  OK  [0m] Started Initial cloud-init job (pre-networking).
[[0;32m  OK  [0m] Reached target Network (Pre).
         Starting Network Service...
[[0;32m  OK  [0m] Started Network Service.
         Starting Wait for Network to be Configured...
         Starting Network Name Resolution...
[[0;32m  OK  [0m] Started Network Name Resolution.
[[0;32m  OK  [0m] Reached target Network.
[[0;32m  OK  [0m] Reached target Host and Network Name Lookups.
[[0;32m  OK  [0m] Started Wait for Network to be Configured.
         Starting Initial cloud-init job (metadata service crawler)...
[   18.487000] cloud-init[638]: Cloud-init v. 18.4-0ubuntu1~18.04.1 running 'init' at Tue, 19 Feb 2019 15:29:35 +0000. Up 18.29 seconds.
[   18.528846] cloud-init[638]: ci-info: ++++++++++++++++++++++++++++++++++++++Net device info++++++++++++++++++++++++++++++++++++++
[   18.567349] cloud-init[638]: ci-info: +--------+------+----------------------------+---------------+--------+-------------------+
[   18.628658] cloud-init[638]: ci-info: | Device |  Up  |          Address           |      Mask     | Scope  |     Hw-Address    |
[   18.650026] cloud-init[638]: ci-info: +--------+------+----------------------------+---------------+--------+-------------------+
[   18.670384] cloud-init[638]: ci-info: | enp0s3 | True |         10.0.2.15          | 255.255.255.0 | global | 02:88:80:28:66:3a |
[   18.706036] cloud-init[638]: ci-info: | enp0s3 | True | fe80::88:80ff:fe28:663a/64 |       .       |  link  | 02:88:80:28:66:3a |
[   18.739566] cloud-init[638]: ci-info: |   lo   | True |         127.0.0.1          |   255.0.0.0   |  host  |         .         |
[   18.769521] cloud-init[638]: ci-info: |   lo   | True |          ::1/128           |       .       |  host  |         .         |
[   18.774062] cloud-init[638]: ci-info: +--------+------+----------------------------+---------------+--------+-------------------+
[   18.788356] cloud-init[638]: ci-info: ++++++++++++++++++++++++++++Route IPv4 info+++++++++++++++++++++++++++++
[   18.796957] cloud-init[638]: ci-info: +-------+-------------+----------+-----------------+-----------+-------+
[   18.847562] cloud-init[638]: ci-info: | Route | Destination | Gateway  |     Genmask     | Interface | Flags |
[   18.850403] cloud-init[638]: ci-info: +-------+-------------+----------+-----------------+-----------+-------+
[   18.897552] cloud-init[638]: ci-info: |   0   |   0.0.0.0   | 10.0.2.2 |     0.0.0.0     |   enp0s3  |   UG  |
[   18.934424] cloud-init[638]: ci-info: |   1   |   10.0.2.0  | 0.0.0.0  |  255.255.255.0  |   enp0s3  |   U   |
[   18.957054] cloud-init[638]: ci-info: |   2   |   10.0.2.2  | 0.0.0.0  | 255.255.255.255 |   enp0s3  |   UH  |
[   19.003385] cloud-init[638]: ci-info: +-------+-------------+----------+-----------------+-----------+-------+
[   19.004364] cloud-init[638]: ci-info: +++++++++++++++++++Route IPv6 info+++++++++++++++++++
[   19.005176] cloud-init[638]: ci-info: +-------+-------------+---------+-----------+-------+
[   19.027890] cloud-init[638]: ci-info: | Route | Destination | Gateway | Interface | Flags |
[   19.048253] cloud-init[638]: ci-info: +-------+-------------+---------+-----------+-------+
[   19.071528] cloud-init[638]: ci-info: |   1   |  fe80::/64  |    ::   |   enp0s3  |   U   |
[   19.200245] cloud-init[638]: ci-info: |   3   |    local    |    ::   |   enp0s3  |   U   |
[   19.216755] cloud-init[638]: ci-info: |   4   |   ff00::/8  |    ::   |   enp0s3  |   U   |
[   19.240718] cloud-init[638]: ci-info: +-------+-------------+---------+-----------+-------+
[   19.266160] cloud-init[638]: Generating public/private rsa key pair.
[[0;32m  OK  [0m] Started Initial cloud-init job (metadata service crawler).
[[0;32m  OK  [0m] Reached target Network is Online.
[   19.296733] cloud-init[638]: Your identification has been saved in /etc/ssh/ssh_host_rsa_key.
[[0;32m  OK  [0m] Reached target Remote File Systems (Pre).
[[0;32m  OK  [0m] Reached target Remote File Systems.
[   19.377011] cloud-init[638]: Your public key has been saved in /etc/ssh/ssh_host_rsa_key.pub.
         Starting Availability of block devices...
[[0;32m  OK  [0m] Reached target Cloud-config availability.
[[0;32m  OK  [0m] Reached target System Initialization.
[   19.458918] cloud-init[638]: The key fingerprint is:
         Starting LXD - unix socket.
[[0;32m  OK  [0m] Started Daily apt download activities.
[[0;32m  OK  [0m] Listening on D-Bus System Message Bus Socket.
[[0;32m  OK  [0m] Listening on UUID daemon activation socket.
[   19.527024] cloud-init[638]: SHA256:bxm0D8rMiKQQDRRhhaZ8QrqmYMAObKyfxsZ/mNcA7wc root@ubuntu-bionic
         Starting Socket activation for snappy daemon.
[   19.576398] [[0;32m  OK  [0m] Started Message of the Day.
cloud-init[638]: The key's randomart image is:[[0;32m  OK  [0m] Started ACPI Events Check.

[[0;32m  OK  [0m] Reached target Paths.
[[0;32m  OK  [0m] Listening on Open-iSCSI iscsid Socket.
[[0;32m  OK  [0m] Listening on ACPID Listen Socket.
[[0;32m  OK  [0m] Started Daily apt upgrade and clean activities.
[[0;32m  OK  [0m] Started Discard unused blocks once a week.
[[0;32m  OK  [0m] Started Daily Cleanup of Temporary Directories.
[[0;32m  OK  [0m] Reached target Timers.
[[0;32m  OK  [0m] Started Availability of block devices.
[[0;32m  OK  [0m] Listening on LXD - unix socket.
[[0;32m  OK  [0m] Listening on Socket activation for snappy daemon.
[[0;32m  OK  [0m] Reached target Sockets.
[[0;32m  OK  [0m] Reached target Basic System.
         Starting Permit User Sessions...
[   19.663522] cloud-init[638]: +---[RSA 2048]----+
[[0;32m  OK  [0m] Started D-Bus System Message Bus.
[   19.685009] cloud-init[638]: |o==.             |
[   19.696687] cloud-init[638]: |.*               |
[   19.702773] cloud-init[638]: |@ .       .      |
[[0;32m  OK  [0m] Started Deferred execution scheduler.
[   19.729053] cloud-init[638]: |=O ..    . .     |
         Starting Dispatcher daemon for systemd-networkd...
[   19.781410] cloud-init[638]: |B.o .o  S +      |
[[0;32m  OK  [0m] Started FUSE filesystem for LXC.
[   19.886465] cloud-init[638]: |+= o .E= o =     |
         Starting Pollinate to seed the pseudo random number generator...
[   19.909731] cloud-init[638]: |=+...+.+= + .    |
         Starting Accounts Service...
[   19.911882] cloud-init[638]: |. B o + o.       |
[   19.913770]          Starting Virtualbox guest utils...
cloud-init[638]: | o ..o .         |
[   19.917072] [[0;32m  OK  [0m] Started irqbalance daemon.
         Starting Login Service...
         Starting LSB: Record successful boot for GRUB...
[[0;32m  OK  [0m] Started Regular background program processing daemon.
cloud-init[638]: +----[SHA256]-----+
[   19.937311] cloud-init[638]: Generating public/private dsa key pair.
[   19.939324] cloud-init[638]: Your identification has been saved in /etc/ssh/ssh_host_dsa_key.
         Starting Snappy daemon...
[   19.972822] cloud-init[638]:          Starting LXD - container startup/shutdown...
Your public key has been saved in /etc/ssh/ssh_host_dsa_key.pub.         Starting System Logging Service...
         Starting LSB: automatic crash report generation...

[   19.979071] cloud-init[638]: [[0;32m  OK  [0m] Started Dispatcher daemon for systemd-networkd.
[[0;32m  OK  [0m] Started Permit User Sessions.
The key fingerprint is:         Starting Hold until boot process finishes up...

[   19.991922]          Starting Terminate Plymouth Boot Screen...
[[0;32m  OK  [0m] Started Hold until boot process finishes up.
         Starting Set console scheme...
cloud-init[638]: SHA256:zEaRv2K3dkQz6d290qidMHBRm9aE6Y3yoQIeTg21eh0 root@ubuntu-bionic
[[0;32m  OK  [0m] Started Serial Getty on ttyS0.
[   20.017064] cloud-init[638]: The key's randomart image is:[[0;32m  OK  [0m] Started Terminate Plymouth Boot Screen.

[   20.024827] cloud-init[638]: +---[DSA 1024]----+
[   20.026396] cloud-init[638]: |        oo   .o. |
[   20.030248] cloud-init[638]: |       .... .o=  |
[   20.032848] cloud-init[638]: |        +o E.=o. |
[   20.033863] cloud-init[638]: |       B..o.O+ . |
[   20.036371] cloud-init[638]: |      +.So *++...|
[   20.038076] cloud-init[638]: |       ++.=.o.. o|
[   20.039890] cloud-init[638]: |       . o.=  o .|
[   20.056224] cloud-init[638]: |          o =o.o |
[   20.057767] cloud-init[638]: |         . o.o.  |
[   20.059154] cloud-init[638]: +----[SHA256]-----+
[   20.060813] cloud-init[638]: Generating public/private ecdsa key pair.
[   20.062810] cloud-init[638]: Your identification has been saved in /etc/ssh/ssh_host_ecdsa_key.
[   20.065437] cloud-init[638]: Your public key has been saved in /etc/ssh/ssh_host_ecdsa_key.pub.
[   20.067644] cloud-init[638]: The key fingerprint is:
[   20.069163] cloud-init[638]: SHA256:no9WQQUWJxrLjcRNSG/1Aj5n+m/E8tOiZYIdMepjPEA root@ubuntu-bionic
[   20.071395] cloud-init[638]: The key's randomart image is:
[   20.073055] cloud-init[638]: +---[ECDSA 256]---+
[   20.075037] cloud-init[638]: |       o++B++    |
[   20.082406] cloud-init[638]: |       ooXo= .   |
[   20.084740] cloud-init[638]: |        E.* * .  |
[   20.091946] cloud-init[638]: |       . ..* +   |
[   20.095145] cloud-init[638]: |        S o...   |
[   20.099507] cloud-init[638]: |       . =.+..o  |
[   20.100858] cloud-init[638]: |        o.B ++o. |
[   20.117885] cloud-init[638]: |        .+ o == .|
[[0;32m  OK  [0m] Started System Logging Service.
[   20.141330] cloud-init[638]: |       .. . .o.o |
[   20.143009] cloud-init[638]: +----[SHA256]-----+
[   20.145792] cloud-init[638]: Generating public/private ed25519 key pair.
[   20.156617] cloud-init[638]: Your identification has been saved in /etc/ssh/ssh_host_ed25519_key.
[   20.177448] cloud-init[638]: Your public key has been saved in /etc/ssh/ssh_host_ed25519_key.pub.
[   20.192427] cloud-init[638]: The key fingerprint is:
[   20.193953] cloud-init[638]: SHA256:W7uykQ1GkmzNHWzEPx3bNGkB3oA99GPeIyx3//w22uE root@ubuntu-bionic
[   20.196969] cloud-init[638]: The key's randomart image is:
[   20.197999] cloud-init[638]: +--[ED25519 256]--+
[   20.205072] cloud-init[638]: |         +o ++..o|
[   20.219932] cloud-init[638]: |     . + .+o.o=+.|
[[0;32m  OK  [0m] Started Set console scheme.
[[0;32m  OK  [0m] Started Login Service.
[[0;32m  OK  [0m] Started Unattended Upgrades Shutdown.
[   20.309067] cloud-init[[0;32m  OK  [0m] Created slice system-getty.slice.
[[0;32m  OK  [0m] Started Getty on tty1.
[638]: |      = +... ooX.|
[[0;32m  OK  [0m] Reached target Login Prompts.
[   20.333183] cloud-init[638]: |     . o    + = +|
         Starting Authorization Manager...
[   20.348329] cloud-init[638]: |        S .. = +.|
[   20.351683] cloud-init[638]: |       . * .o o o|
[[0;32m  OK  [0m] Started LSB: Record successful boot for GRUB.
[   20.370856] cloud-init[638]: |        + o    ..|[[0;32m  OK  [0m] Started LSB: automatic crash report generation.

[   20.377424] cloud-init[638]: |        .. .  oo+|
[[0;32m  OK  [0m] Started Virtualbox guest utils.
[   20.447383] cloud-init[638]: |        .o.  ..E*|
[   20.480901] cloud-init[638]: +----[SHA256]-----+
[[0;32m  OK  [0m] Started LXD - container startup/shutdown.
[[0;32m  OK  [0m] Started Authorization Manager.
[[0;32m  OK  [0m] Started Accounts Service.
[[0;32m  OK  [0m] Started Snappy daemon.
         Starting Wait until snapd is fully seeded...
[[0;32m  OK  [0m] Started Pollinate to seed the pseudo random number generator.
         Starting OpenBSD Secure Shell server...
[[0;32m  OK  [0m] Started OpenBSD Secure Shell server.
[[0;32m  OK  [0m] Created slice User Slice of vagrant.
         Starting User Manager for UID 1000...
[[0;32m  OK  [0m] Started Session 1 of user vagrant.
[[0;32m  OK  [0m] Started User Manager for UID 1000.

Ubuntu 18.04.2 LTS ubuntu-bionic ttyS0

ubuntu-bionic login: [   27.183065] cloud-init[1322]: Cloud-init v. 18.4-0ubuntu1~18.04.1 running 'modules:config' at Tue, 19 Feb 2019 15:29:43 +0000. Up 26.78 seconds.
ci-info: no authorized ssh keys fingerprints found for user ubuntu.
<14>Feb 19 15:29:44 ec2: 
<14>Feb 19 15:29:44 ec2: #############################################################
<14>Feb 19 15:29:44 ec2: -----BEGIN SSH HOST KEY FINGERPRINTS-----
<14>Feb 19 15:29:44 ec2: 1024 SHA256:zEaRv2K3dkQz6d290qidMHBRm9aE6Y3yoQIeTg21eh0 root@ubuntu-bionic (DSA)
<14>Feb 19 15:29:44 ec2: 256 SHA256:no9WQQUWJxrLjcRNSG/1Aj5n+m/E8tOiZYIdMepjPEA root@ubuntu-bionic (ECDSA)
<14>Feb 19 15:29:44 ec2: 256 SHA256:W7uykQ1GkmzNHWzEPx3bNGkB3oA99GPeIyx3//w22uE root@ubuntu-bionic (ED25519)
<14>Feb 19 15:29:44 ec2: 2048 SHA256:bxm0D8rMiKQQDRRhhaZ8QrqmYMAObKyfxsZ/mNcA7wc root@ubuntu-bionic (RSA)
<14>Feb 19 15:29:44 ec2: -----END SSH HOST KEY FINGERPRINTS-----
<14>Feb 19 15:29:44 ec2: #############################################################
-----BEGIN SSH HOST KEY KEYS-----
ecdsa-sha2-nistp256 AAAAE2VjZHNhLXNoYTItbmlzdHAyNTYAAAAIbmlzdHAyNTYAAABBBENNiHQveKpq0B/wGw1zo9LMRvWAJNV369T2AxESOevvHa+BXHOOPcyW/c87yrlh8mF6Frhq2EBLHQ8o7E8x6ZE= root@ubuntu-bionic
ssh-ed25519 AAAAC3NzaC1lZDI1NTE5AAAAIIC9e3czYoju5tLdNgvfqjTsBWHakMtoSelKPkxy1x9A root@ubuntu-bionic
ssh-rsa AAAAB3NzaC1yc2EAAAADAQABAAABAQC0bVYVEN8GbxknQzcDEWCa0Uey+mUQu6hpHgLzYWsFyOd4KFKkY75BZQrsytnboYawajZF6eS/uY740JXw2kACX8IdGLSR3tkknYz268qXDBD9w/1/ApDWn/gE1vxR9X4ABv9zwtH9q/nQ6pe228QqMT1JC8IHM/0LHJNmGZfdnVmQwQ7NF5eHVsnxbrIByx3Dvt4xWP/SR/vhcwszWhVpcIcd21VKx49nltFDo9iG/vhsePowVEO09CoUVCGUmJdX6E3Mre/JSZ+NrP4Mg1xSJLPlQR9heH2OZkaYgZLWExdeGNWp/YTB3HzCu0Ch1gRh4EDAZknrWyaLl0Q9YyyT root@ubuntu-bionic
-----END SSH HOST KEY KEYS-----
[   27.765648] cloud-init[1422]: Cloud-init v. 18.4-0ubuntu1~18.04.1 running 'modules:final' at Tue, 19 Feb 2019 15:29:44 +0000. Up 27.62 seconds.
[   27.765751] cloud-init[1422]: ci-info: no authorized ssh keys fingerprints found for user ubuntu.
[   27.765798] cloud-init[1422]: Cloud-init v. 18.4-0ubuntu1~18.04.1 finished at Tue, 19 Feb 2019 15:29:44 +0000. Datasource DataSourceNoCloud [seed=/dev/sdb][dsmode=net].  Up 27.75 seconds
